// Jest Snapshot v1, https://goo.gl/fbAQLP

exports[`renders Card correctly 1`] = `
<View>
  <View
    style={
      [
        {
          "display": "flex",
        },
        {
          "flexDirection": "row",
        },
        {
          "flexWrap": "wrap",
        },
        {
          "justifyContent": "center",
        },
        {
          "alignItems": "flex-start",
        },
      ]
    }
  >
    <RCTScrollView
      data={
        [
          {
            "baseWeight": 10,
            "currentWeight": 10,
            "evolutions": [],
            "id": 1,
            "image": "poke-image",
            "lastEat": "soft",
            "maxWeight": 10,
            "name": "pokemon",
            "nextEvolution": [],
            "order": 1,
            "owned": false,
            "stats": [
              {
                "name": "stat",
                "value": 12,
              },
            ],
          },
        ]
      }
      getItem={[Function]}
      getItemCount={[Function]}
      keyExtractor={[Function]}
      maxToRenderPerBatch={20}
      onContentSizeChange={[Function]}
      onEndReached={[Function]}
      onEndReachedThreshold={0.3}
      onLayout={[Function]}
      onMomentumScrollBegin={[Function]}
      onMomentumScrollEnd={[Function]}
      onScroll={[Function]}
      onScrollBeginDrag={[Function]}
      onScrollEndDrag={[Function]}
      removeClippedSubviews={true}
      renderItem={[Function]}
      scrollEventThrottle={0.0001}
      stickyHeaderIndices={[]}
      viewabilityConfigCallbackPairs={[]}
    >
      <View>
        <View
          onFocusCapture={[Function]}
          onLayout={[Function]}
          style={null}
        >
          <View
            style={
              [
                {
                  "flexDirection": "row",
                },
                {
                  "justifyContent": "center",
                },
              ]
            }
          >
            <View
              accessibilityState={
                {
                  "busy": undefined,
                  "checked": undefined,
                  "disabled": undefined,
                  "expanded": undefined,
                  "selected": undefined,
                }
              }
              accessibilityValue={
                {
                  "max": undefined,
                  "min": undefined,
                  "now": undefined,
                  "text": undefined,
                }
              }
              accessible={true}
              collapsable={false}
              focusable={true}
              onClick={[Function]}
              onResponderGrant={[Function]}
              onResponderMove={[Function]}
              onResponderRelease={[Function]}
              onResponderTerminate={[Function]}
              onResponderTerminationRequest={[Function]}
              onStartShouldSetResponder={[Function]}
              style={
                {
                  "borderBottomColor": "#d1d5db",
                  "borderBottomLeftRadius": 4,
                  "borderBottomRightRadius": 4,
                  "borderBottomWidth": 1,
                  "borderLeftColor": "#d1d5db",
                  "borderLeftWidth": 1,
                  "borderRightColor": "#d1d5db",
                  "borderRightWidth": 1,
                  "borderTopColor": "#d1d5db",
                  "borderTopLeftRadius": 4,
                  "borderTopRightRadius": 4,
                  "borderTopWidth": 1,
                  "marginLeft": 16,
                  "marginTop": 16,
                  "opacity": 1,
                }
              }
            >
              <View
                style={
                  [
                    {
                      "backgroundColor": "#e5e7eb",
                    },
                    {
                      "paddingBottom": 8,
                      "paddingLeft": 8,
                      "paddingRight": 8,
                      "paddingTop": 8,
                    },
                  ]
                }
              >
                <View
                  style={
                    [
                      {
                        "overflow": "hidden",
                      },
                      {
                        "height": 140,
                        "width": 140,
                      },
                    ]
                  }
                >
                  <FastImageView
                    defaultSource={
                      {
                        "testUri": "../../../app/assets/images/pokeball.png",
                      }
                    }
                    resizeMode="cover"
                    style={
                      {
                        "bottom": 0,
                        "left": 0,
                        "position": "absolute",
                        "right": 0,
                        "top": 0,
                      }
                    }
                  />
                </View>
                <Text
                  style={
                    [
                      {
                        "color": "#1e293b",
                      },
                      {
                        "fontFamily": "Raleway-Regular",
                      },
                    ]
                  }
                >
                  pokemon
                </Text>
              </View>
            </View>
          </View>
        </View>
      </View>
    </RCTScrollView>
  </View>
</View>
`;
