// Jest Snapshot v1, https://goo.gl/fbAQLP

exports[`renders BerryButton correctly 1`] = `
<View
  style={
    {
      "flex": 1,
    }
  }
>
  <RNGestureHandlerButton
    collapsable={false}
    delayLongPress={600}
    enabled={true}
    exclusive={true}
    handlerTag={1}
    handlerType="NativeViewGestureHandler"
    onGestureEvent={[Function]}
    onGestureHandlerEvent={[Function]}
    onGestureHandlerStateChange={[Function]}
    onHandlerStateChange={[Function]}
    rippleColor={0}
    touchSoundDisabled={false}
  >
    <View
      accessible={true}
      collapsable={false}
      style={
        {
          "height": "100%",
          "opacity": 1,
          "width": "100%",
        }
      }
    >
      <View
        style={
          [
            {
              "display": "flex",
            },
            {
              "flexBasis": "0%",
              "flexGrow": 1,
              "flexShrink": 1,
            },
            {
              "paddingBottom": 2,
              "paddingLeft": 2,
              "paddingRight": 2,
              "paddingTop": 2,
            },
            {
              "borderBottomLeftRadius": 9999,
              "borderBottomRightRadius": 9999,
              "borderTopLeftRadius": 9999,
              "borderTopRightRadius": 9999,
            },
            {
              "backgroundColor": "#f3f4f6",
            },
            {
              "justifyContent": "center",
            },
            {
              "alignItems": "center",
            },
            {
              "overflow": "hidden",
            },
          ]
        }
      >
        <View
          style={
            [
              {
                "overflow": "hidden",
              },
              [
                {
                  "width": "100%",
                },
                {
                  "height": "100%",
                },
              ],
            ]
          }
        >
          <FastImageView
            defaultSource={
              {
                "testUri": "../../../app/assets/images/berry.png",
              }
            }
            resizeMode="cover"
            style={
              {
                "bottom": 0,
                "left": 0,
                "position": "absolute",
                "right": 0,
                "top": 0,
              }
            }
          />
        </View>
      </View>
    </View>
  </RNGestureHandlerButton>
</View>
`;
