// Jest Snapshot v1, https://goo.gl/fbAQLP

exports[`Detail view-model Detail screen  1`] = `
[
  <View
    accessibilityIgnoresInvertColors={true}
    style={
      [
        {
          "alignItems": "center",
        },
        {
          "minHeight": 1334,
        },
        {
          "height": "100%",
          "width": "100%",
        },
      ]
    }
  >
    <Image
      blurRadius={10}
      source={
        {
          "testUri": "../../../app/assets/images/background.jpg",
        }
      }
      style={
        [
          {
            "bottom": 0,
            "left": 0,
            "position": "absolute",
            "right": 0,
            "top": 0,
          },
          {
            "height": "100%",
            "width": "100%",
          },
          undefined,
        ]
      }
    />
    <View
      style={
        [
          {
            "flexBasis": "0%",
            "flexGrow": 1,
            "flexShrink": 1,
          },
          {
            "display": "flex",
          },
          {
            "flexDirection": "column",
          },
          {
            "flexBasis": "91.666667%",
          },
        ]
      }
    >
      <View
        accessibilityState={
          {
            "busy": undefined,
            "checked": undefined,
            "disabled": undefined,
            "expanded": undefined,
            "selected": undefined,
          }
        }
        accessibilityValue={
          {
            "max": undefined,
            "min": undefined,
            "now": undefined,
            "text": undefined,
          }
        }
        accessible={true}
        collapsable={false}
        focusable={true}
        onClick={[Function]}
        onResponderGrant={[Function]}
        onResponderMove={[Function]}
        onResponderRelease={[Function]}
        onResponderTerminate={[Function]}
        onResponderTerminationRequest={[Function]}
        onStartShouldSetResponder={[Function]}
        style={
          {
            "backgroundColor": "#9ca3af",
            "borderBottomColor": "#6b7280",
            "borderBottomLeftRadius": 9999,
            "borderBottomRightRadius": 9999,
            "borderBottomWidth": 1,
            "borderLeftColor": "#6b7280",
            "borderLeftWidth": 1,
            "borderRightColor": "#6b7280",
            "borderRightWidth": 1,
            "borderTopColor": "#6b7280",
            "borderTopLeftRadius": 9999,
            "borderTopRightRadius": 9999,
            "borderTopWidth": 1,
            "opacity": 1,
            "paddingBottom": 4,
            "paddingLeft": 4,
            "paddingRight": 4,
            "paddingTop": 4,
            "position": "absolute",
            "right": 0,
            "top": 12,
          }
        }
        testID="DetailBackButton"
      >
        <Text
          allowFontScaling={false}
          selectable={false}
          style={
            [
              {
                "color": undefined,
                "fontSize": 24,
              },
              undefined,
              {
                "fontFamily": "anticon",
                "fontStyle": "normal",
                "fontWeight": "normal",
              },
              {},
            ]
          }
        >
          î˜³
        </Text>
      </View>
      <View
        style={
          [
            {
              "flexGrow": 1,
            },
          ]
        }
      >
        <View
          style={
            [
              {
                "overflow": "hidden",
              },
              {
                "height": 340,
                "width": 340,
              },
            ]
          }
        >
          <FastImageView
            defaultSource={
              {
                "testUri": "../../../app/assets/images/pokeball.png",
              }
            }
            resizeMode="cover"
            style={
              {
                "bottom": 0,
                "left": 0,
                "position": "absolute",
                "right": 0,
                "top": 0,
              }
            }
          />
        </View>
        0
      </View>
      <View
        style={
          [
            {
              "flexBasis": "auto",
              "flexGrow": 0,
              "flexShrink": 0,
            },
            {
              "alignItems": "center",
            },
          ]
        }
      >
        <View
          accessibilityState={
            {
              "busy": undefined,
              "checked": undefined,
              "disabled": undefined,
              "expanded": undefined,
              "selected": undefined,
            }
          }
          accessibilityValue={
            {
              "max": undefined,
              "min": undefined,
              "now": undefined,
              "text": undefined,
            }
          }
          accessible={true}
          collapsable={false}
          focusable={true}
          onClick={[Function]}
          onResponderGrant={[Function]}
          onResponderMove={[Function]}
          onResponderRelease={[Function]}
          onResponderTerminate={[Function]}
          onResponderTerminationRequest={[Function]}
          onStartShouldSetResponder={[Function]}
          style={
            {
              "opacity": 1,
            }
          }
        >
          <View
            style={
              [
                {
                  "overflow": "hidden",
                },
                {
                  "height": 120,
                  "width": 120,
                },
              ]
            }
          >
            <FastImageView
              defaultSource={null}
              resizeMode="contain"
              style={
                {
                  "bottom": 0,
                  "left": 0,
                  "position": "absolute",
                  "right": 0,
                  "top": 0,
                }
              }
            />
          </View>
        </View>
      </View>
    </View>
  </View>,
  <View
    collapsable={false}
    style={
      {
        "alignItems": "center",
        "backgroundColor": "rgba(0, 0, 0, 0.5)",
        "height": 1334,
        "left": 0,
        "opacity": 0,
        "position": "absolute",
        "top": 0,
        "transform": [
          {
            "translateY": 1334,
          },
        ],
        "width": 750,
        "zIndex": 10,
      }
    }
  >
    <View
      collapsable={false}
      onLayout={[Function]}
      style={
        {
          "alignItems": "center",
          "backgroundColor": "#fff",
          "borderRadius": 8,
          "minHeight": 0,
          "overflow": "hidden",
          "position": "absolute",
          "transform": [
            {
              "translateY": 1334,
            },
          ],
          "width": "90%",
        }
      }
    >
      <View
        style={
          [
            {
              "backgroundColor": "#fff",
              "height": 75,
              "width": 100,
            },
            false,
          ]
        }
      />
      <Image
        resizeMode="contain"
        source={
          {
            "testUri": "../../react-native-popup-confirm-toast/src/assets/warning.png",
          }
        }
        style={
          {
            "height": 48,
            "position": "absolute",
            "top": 20,
            "width": 48,
          }
        }
      />
      <View
        style={
          {
            "padding": 20,
            "width": "100%",
          }
        }
      >
        <Text
          style={
            [
              {
                "color": "#111111",
                "fontSize": 16,
                "fontStyle": "normal",
                "fontWeight": "400",
                "lineHeight": 24,
                "textAlign": "center",
              },
              false,
            ]
          }
        />
        <View
          style={false}
        >
          <View
            accessibilityState={
              {
                "busy": undefined,
                "checked": undefined,
                "disabled": undefined,
                "expanded": undefined,
                "selected": undefined,
              }
            }
            accessibilityValue={
              {
                "max": undefined,
                "min": undefined,
                "now": undefined,
                "text": undefined,
              }
            }
            accessible={true}
            collapsable={false}
            focusable={true}
            onClick={[Function]}
            onResponderGrant={[Function]}
            onResponderMove={[Function]}
            onResponderRelease={[Function]}
            onResponderTerminate={[Function]}
            onResponderTerminationRequest={[Function]}
            onStartShouldSetResponder={[Function]}
            style={
              {
                "alignItems": "center",
                "backgroundColor": "#702c91",
                "borderRadius": 8,
                "flex": 1,
                "height": 48,
                "justifyContent": "center",
                "marginTop": 20,
                "opacity": 1,
              }
            }
          >
            <Text
              style={
                [
                  {
                    "color": "#ffffff",
                    "fontSize": 16,
                    "fontStyle": "normal",
                    "fontWeight": "600",
                    "lineHeight": 20,
                    "textAlign": "center",
                  },
                  false,
                ]
              }
            >
              Ok
            </Text>
          </View>
        </View>
      </View>
    </View>
  </View>,
  <View
    collapsable={false}
    style={
      {
        "alignItems": "center",
        "alignSelf": "center",
        "backgroundColor": undefined,
        "borderRadius": 0,
        "borderWidth": 0,
        "display": "none",
        "elevation": 5,
        "flexDirection": "row",
        "minHeight": 120,
        "position": "absolute",
        "shadowColor": "#1da1f2",
        "shadowOffset": {
          "height": 2,
          "width": 0,
        },
        "shadowOpacity": 0.25,
        "shadowRadius": 3.84,
        "transform": [
          {
            "translateY": -1334,
          },
        ],
        "width": 750,
        "zIndex": 99999,
      }
    }
  >
    <View
      collapsable={false}
      onLayout={[Function]}
      style={
        {
          "flex": 1,
          "flexDirection": "row",
          "justifyContent": "center",
          "paddingBottom": 0,
        }
      }
    >
      <View
        style={
          [
            {
              "flex": 1,
              "marginTop": 0,
              "paddingLeft": 20,
              "paddingRight": 20,
            },
          ]
        }
      />
      <View
        collapsable={false}
        style={
          {
            "backgroundColor": "#122459",
            "height": 5,
            "position": "absolute",
            "top": -10,
            "transform": [
              {
                "translateX": 0,
              },
            ],
            "width": "100%",
          }
        }
      />
    </View>
  </View>,
]
`;
