// Jest Snapshot v1, https://goo.gl/fbAQLP

exports[`Splash view-model splash screen showed 1`] = `
<View
  style={
    [
      {
        "display": "flex",
      },
      {
        "flexBasis": "0%",
        "flexGrow": 1,
        "flexShrink": 1,
      },
      {
        "paddingBottom": 24,
        "paddingLeft": 24,
        "paddingRight": 24,
        "paddingTop": 24,
      },
    ]
  }
>
  <View
    style={
      [
        {
          "flexGrow": 1,
        },
        {
          "justifyContent": "center",
        },
        {
          "alignItems": "center",
        },
      ]
    }
  >
    <View
      style={
        [
          {
            "overflow": "hidden",
          },
          {
            "height": 140,
            "width": 140,
          },
        ]
      }
    >
      <FastImageView
        defaultSource={null}
        resizeMode="cover"
        style={
          {
            "bottom": 0,
            "left": 0,
            "position": "absolute",
            "right": 0,
            "top": 0,
          }
        }
      />
    </View>
  </View>
  <View
    style={
      [
        {
          "flexBasis": "auto",
          "flexGrow": 0,
          "flexShrink": 0,
        },
        {
          "justifyContent": "center",
        },
        {
          "alignItems": "center",
        },
      ]
    }
  >
    <Text>
      Pokemon
    </Text>
  </View>
</View>
`;
